
> react-kavia@0.1.0 start
> react-scripts start

Attempting to bind to HOST environment variable: 0.0.0.0
If this was unintentional, check that you haven't mistakenly set it in your shell.
Learn more here: https://cra.link/advanced-config

(node:4185) [DEP_WEBPACK_DEV_SERVER_ON_AFTER_SETUP_MIDDLEWARE] DeprecationWarning: 'onAfterSetupMiddleware' option is deprecated. Please use the 'setupMiddlewares' option.
(Use `node --trace-deprecation ...` to show where the warning was created)
(node:4185) [DEP_WEBPACK_DEV_SERVER_ON_BEFORE_SETUP_MIDDLEWARE] DeprecationWarning: 'onBeforeSetupMiddleware' option is deprecated. Please use the 'setupMiddlewares' option.
Starting the development server...

Compiled with warnings.

Failed to parse source map from '/home/kavia/workspace/code-generation/cricketiq-interactive-10419-8e17ddc3/react_frontend/node_modules/plotly.js/dist/maplibre-gl-unminified.js.map' file: Error: ENOENT: no such file or directory, open '/home/kavia/workspace/code-generation/cricketiq-interactive-10419-8e17ddc3/react_frontend/node_modules/plotly.js/dist/maplibre-gl-unminified.js.map'

[eslint] 
src/AnalysisPanel.js
  Line 27:10:  'err' is assigned a value but never used  no-unused-vars

src/CricketIQModal.js
  Line 78:9:  'palette' is assigned a value but never used  no-unused-vars

src/ScenarioPanel.js
  Line 24:10:  'aiErr' is assigned a value but never used  no-unused-vars

Search for the keywords to learn more about each warning.
To ignore, add // eslint-disable-next-line to the line before.

WARNING in ./node_modules/plotly.js/dist/plotly.js
Module Warning (from ./node_modules/source-map-loader/dist/cjs.js):
Failed to parse source map from '/home/kavia/workspace/code-generation/cricketiq-interactive-10419-8e17ddc3/react_frontend/node_modules/plotly.js/dist/maplibre-gl-unminified.js.map' file: Error: ENOENT: no such file or directory, open '/home/kavia/workspace/code-generation/cricketiq-interactive-10419-8e17ddc3/react_frontend/node_modules/plotly.js/dist/maplibre-gl-unminified.js.map'

WARNING in [eslint] 
src/AnalysisPanel.js
  Line 27:10:  'err' is assigned a value but never used  no-unused-vars

src/CricketIQModal.js
  Line 78:9:  'palette' is assigned a value but never used  no-unused-vars

src/ScenarioPanel.js
  Line 24:10:  'aiErr' is assigned a value but never used  no-unused-vars

webpack compiled with 2 warnings
Compiling...
Compiled with warnings.

Failed to parse source map from '/home/kavia/workspace/code-generation/cricketiq-interactive-10419-8e17ddc3/react_frontend/node_modules/plotly.js/dist/maplibre-gl-unminified.js.map' file: Error: ENOENT: no such file or directory, open '/home/kavia/workspace/code-generation/cricketiq-interactive-10419-8e17ddc3/react_frontend/node_modules/plotly.js/dist/maplibre-gl-unminified.js.map'

[eslint] 
src/AnalysisPanel.js
  Line 27:10:  'err' is assigned a value but never used  no-unused-vars

src/CricketIQModal.js
  Line 78:9:  'palette' is assigned a value but never used  no-unused-vars

src/ScenarioPanel.js
  Line 24:10:  'aiErr' is assigned a value but never used  no-unused-vars

Search for the keywords to learn more about each warning.
To ignore, add // eslint-disable-next-line to the line before.

WARNING in ./node_modules/plotly.js/dist/plotly.js
Module Warning (from ./node_modules/source-map-loader/dist/cjs.js):
Failed to parse source map from '/home/kavia/workspace/code-generation/cricketiq-interactive-10419-8e17ddc3/react_frontend/node_modules/plotly.js/dist/maplibre-gl-unminified.js.map' file: Error: ENOENT: no such file or directory, open '/home/kavia/workspace/code-generation/cricketiq-interactive-10419-8e17ddc3/react_frontend/node_modules/plotly.js/dist/maplibre-gl-unminified.js.map'

WARNING in [eslint] 
src/AnalysisPanel.js
  Line 27:10:  'err' is assigned a value but never used  no-unused-vars

src/CricketIQModal.js
  Line 78:9:  'palette' is assigned a value but never used  no-unused-vars

src/ScenarioPanel.js
  Line 24:10:  'aiErr' is assigned a value but never used  no-unused-vars

webpack compiled with 2 warnings
